[localhost/wordpress/index.html]
[backblue.gif]
[fade.gif]
[index.html]
[localhost/wordpress/wp-includes/css/dist/block-library/style.min41a3.css]
[localhost/wordpress/wp-content/cache/min/1/wordpress/wp-content/plugins/woocommerce/assets/css/woocommerce-layout-83f4eef376420cdfe90cbf96aeb8364c.css]
[localhost/wordpress/wp-content/plugins/woocommerce/assets/css/woocommerce-smallscreen0969.css]
[localhost/wordpress/wp-content/cache/min/1/wordpress/wp-content/plugins/woocommerce/packages/woocommerce-blocks/build/wc-blocks-vendors-style-ab43d451d7f8139a670e]
[localhost/wordpress/comments/feed/index.html]
[localhost/wordpress/wp-content/cache/min/1/wordpress/wp-content/plugins/woocommerce/assets/css/woocommerce-9f80a1dd9f872490a19a30efb56798e6.css]
[localhost/wordpress/wp-content/cache/min/1/wordpress/wp-content/plugins/woocommerce/packages/woocommerce-blocks/build/wc-blocks-style-959a2b78f517e4f1ad1c0eac6c54]
[localhost/wordpress/wp-content/cache/min/1/wordpress/wp-content/themes/popularfx/style-40c95f3b7a7a25f6267a37779068b97f.css]
[localhost/wordpress/feed/index.html]
[localhost/wordpress/wp-content/plugins/elementor/assets/lib/eicons/css/elementor-icons.minb683.css]
[localhost/wordpress/wp-content/cache/min/1/wordpress/wp-content/plugins/elementskit-lite/modules/elementskit-icon-pack/assets/css/ekiticons-f5050019dcaca8a5c8afa8]
[localhost/wordpress/wp-content/plugins/elementor/assets/css/frontend.min6b00.css]
[localhost/wordpress/wp-content/plugins/elementor/assets/lib/eicons/fonts/eicons0b93.eot]
[localhost/wordpress/wp-content/cache/min/1/wordpress/wp-content/uploads/elementor/css/post-23-1c9770dd3bd838758d884d2b7067ee47.css]
[localhost/wordpress/wp-content/cache/min/1/wordpress/wp-content/uploads/elementor/css/global-04aee81d12c05beb8bd7d61713556994.css]
[localhost/wordpress/wp-content/cache/min/1/wordpress/wp-content/uploads/elementor/css/post-21-2e1008a407b48e9af294615cf540babf.css]
[localhost/wordpress/wp-content/cache/min/1/wordpress/wp-content/plugins/lumise/woo/assets/css/frontend-7205f9c259d7b11fed17c1eb42fbfdfe.css]
[localhost/wordpress/wp-content/plugins/wp-rocket/assets/img/youtube.png]
[localhost/wordpress/wp-content/cache/min/1/wordpress/wp-content/plugins/elementskit-lite/widgets/init/assets/css/widget-styles-2efe6734a86941cbf43661eb6b9d7b94.e]
[localhost/wordpress/wp-content/plugins/smart-slider-3/Public/SmartSlider3/Application/Frontend/Assets/dist/smartslider.min7b95.css]
[localhost/wordpress/wp-content/cache/min/1/wordpress/wp-content/plugins/elementskit-lite/widgets/init/assets/css/responsive-7386300133bc1bc21bcd1a7fb7cab01c.f.del]
[localhost/wordpress/wp-json/index.html]
[localhost/wordpress/wp-json/wp/v2/pages/21.json]
[localhost/wordpress/xmlrpc0db0.php]
[localhost/wordpress/wp-includes/wlwmanifest.xml]
[localhost/wordpress/wp-json/oembed/1.0/embed68f4.json]
[localhost/wordpress/wp-content/uploads/slider/cache/7565fe100e504b4b1274be0459cc4fe9/banner-5.jpg]
[localhost/wordpress/wp-json/oembed/1.0/embedd248]
[localhost/wordpress/wp-content/uploads/slider/cache/8fa87cb01e4786c31d7baf72c63dc205/banner-3.jpg]
[localhost/wordpress/wp-content/uploads/slider/cache/0c591a3dbc06af4f9d05286229912dc6/banner3-3-3-3-3.jpg.jpg]
[localhost/wordpress/about-us/index.html]
[localhost/wordpress/wp-content/uploads/2021/08/photo_2021-08-19_11-33-30-400x533.jpg]
[localhost/wordpress/wp-content/uploads/2021/08/photo_2021-08-19_11-33-38-400x533.jpg]
[localhost/wordpress/cart/index.html]
[localhost/wordpress/wp-content/uploads/2021/08/photo_2021-08-19_11-32-56-400x533.jpg]
[localhost/wordpress/my-account/index.html]
[localhost/wordpress/wp-content/uploads/2021/08/photo_2021-08-19_11-32-59-400x533.jpg]
[localhost/wordpress/product/cotton-t-shirt/index.html]
[localhost/wordpress/wp-content/uploads/2021/08/photo_2021-08-19_11-33-28-400x533.jpg]
[localhost/wordpress/product/custom-cotton-t-shirts/index.html]
[localhost/wordpress/wp-content/uploads/2021/08/photo_2021-08-19_11-33-07-400x533.jpg]
[localhost/wordpress/design-editor/index7266.html]
[localhost/wordpress/design-editor/indexc2bc.html]
[localhost/wordpress/wp-content/uploads/2021/08/photo_2021-08-19_11-32-48-400x533.jpg]
[localhost/wordpress/product/custom-cotton-hoodies/index.html]
[localhost/wordpress/design-editor/indexd577.html]
[localhost/wordpress/wp-content/uploads/2021/08/a465b2ea22cebf3a91748622c424bd55-400x533.jpg]
[localhost/wordpress/product/custom-denim-jacket/index.html]
[localhost/wordpress/wp-content/uploads/2021/08/photo_2021-08-19_11-33-03-400x533.jpg]
[localhost/wordpress/product/custom-full-sleeve-t-shirts/index.html]
[localhost/wordpress/wp-content/uploads/2021/08/photo_2021-08-19_11-33-16-400x533.jpg]
[localhost/wordpress/product/custom-women-poly-t-shirts/index.html]
[localhost/wordpress/wp-content/uploads/2021/08/photo_2021-08-19_11-32-43-1-400x533.jpg]
[localhost/wordpress/design-editor/index0166.html]
[localhost/wordpress/product/custom-polo-t-shirts/index.html]
[localhost/wordpress/wp-content/uploads/2021/08/photo_2021-08-19_11-32-52.jpg]
[localhost/wordpress/design-editor/index2916.html]
[localhost/wordpress/product/custom-nylon-t-shirts/index.html]
[localhost/wordpress/wp-content/uploads/2021/08/0746165442cd28ffe477e45f9d25c069-400x533.jpg]
[localhost/wordpress/wp-content/plugins/elementor/assets/lib/animations/animations.min6b00.css]
[localhost/wordpress/product/custom-women-hoodies/index.html]
[localhost/wordpress/design-editor/index7e08.html]
[localhost/wordpress/wp-content/plugins/wp-rocket/assets/js/lazyload/16.1/lazyload.min.js]
[localhost/wordpress/product/custom-polyester-t-shirts/index.html]
[localhost/wordpress/design-editor/indexc84a.html]
[localhost/wordpress/index.html]
[localhost/wordpress/product/custom-tank-tops/index.html]
[localhost/wordpress/wp-includes/css/dist/block-library/style.min41a3.css]
[localhost/wordpress/design-editor/index84b3.html]
[localhost/wordpress/product/custom-v-neck-t-shirts/index.html]
[localhost/wordpress/wp-content/cache/min/1/wordpress/wp-content/plugins/woocommerce/packages/woocommerce-blocks/build/wc-blocks-vendors-style-ab43d451d7f8139a670e]
[localhost/wordpress/design-editor/indexb2b9.html]
[localhost/wordpress/product/custom-women-nylon-t-shirts/index.html]
[localhost/wordpress/design-editor/index6df3.html]
[localhost/wordpress/wp-content/cache/min/1/wordpress/wp-content/plugins/woocommerce/packages/woocommerce-blocks/build/wc-blocks-style-959a2b78f517e4f1ad1c0eac6c54]
[localhost/wordpress/wp-content/cache/min/1/wordpress/wp-content/plugins/woocommerce/assets/css/woocommerce-layout-83f4eef376420cdfe90cbf96aeb8364c.css]
[localhost/wordpress/wp-content/plugins/woocommerce/assets/css/woocommerce-smallscreen0969.css]
[localhost/wordpress/wp-content/plugins/woocommerce/assets/fonts/star.eot]
[localhost/wordpress/design-editor/index284f.html]
[localhost/wordpress/wp-content/plugins/woocommerce/assets/fonts/stard41d.eot]
[localhost/wordpress/wp-content/plugins/woocommerce/assets/fonts/star.woff]
[localhost/wordpress/wp-content/plugins/woocommerce/assets/fonts/star.ttf]
[localhost/wordpress/wp-content/plugins/woocommerce/assets/fonts/WooCommerce.eot]
[localhost/wordpress/wp-content/plugins/woocommerce/assets/fonts/WooCommerce.woff]
[localhost/wordpress/wp-content/plugins/woocommerce/assets/fonts/WooCommerce.ttf]
[localhost/wordpress/wp-content/plugins/woocommerce/assets/fonts/WooCommerced41d.eot]
[localhost/wordpress/wp-content/cache/min/1/wordpress/wp-content/plugins/woocommerce/assets/css/woocommerce-9f80a1dd9f872490a19a30efb56798e6.css]
[localhost/wordpress/wp-content/cache/min/1/wordpress/wp-content/themes/popularfx/style-40c95f3b7a7a25f6267a37779068b97f.css]
[localhost/wordpress/wp-content/plugins/elementskit-lite/modules/elementskit-icon-pack/assets/fonts/elementskit97ac.woff]
[localhost/wordpress/wp-content/cache/min/1/wordpress/wp-content/plugins/elementskit-lite/modules/elementskit-icon-pack/assets/css/ekiticons-f5050019dcaca8a5c8afa8]
[localhost/wordpress/wp-content/plugins/elementor/assets/lib/eicons/fonts/eicons02d6.eot]
[localhost/wordpress/wp-content/cache/min/1/71ccd4f742e187c60d01e4acc1d71539.js]
[localhost/wordpress/wp-content/plugins/elementor/assets/lib/eicons/fonts/eicons02d6.woff2]
[localhost/wordpress/wp-content/plugins/elementor/assets/lib/eicons/fonts/eicons02d6.woff]
[localhost/wordpress/wp-content/plugins/elementor/assets/lib/eicons/fonts/eicons02d6.ttf]
[localhost/wordpress/wp-content/plugins/elementor/assets/lib/eicons/css/elementor-icons.minb683.css]
[localhost/wordpress/wp-content/plugins/elementor/assets/css/frontend.min6b00.css]
[localhost/wordpress/wp-content/cache/min/1/wordpress/wp-content/uploads/elementor/css/post-23-1c9770dd3bd838758d884d2b7067ee47.css]
[localhost/wordpress/wp-content/cache/min/1/wordpress/wp-content/uploads/elementor/css/global-04aee81d12c05beb8bd7d61713556994.css]
[localhost/wordpress/wp-content/cache/min/1/wordpress/wp-content/uploads/elementor/css/post-21-2e1008a407b48e9af294615cf540babf.css]
[localhost/wordpress/wp-content/plugins/elementskit-lite/widgets/init/assets/img/arrow.png]
[localhost/wordpress/wp-content/plugins/elementskit-lite/widgets/init/assets/img/sort_asc.png]
[localhost/wordpress/wp-content/plugins/elementskit-lite/widgets/init/assets/img/sort_desc.png]
[localhost/wordpress/wp-content/plugins/elementskit-lite/widgets/init/assets/img/sort_asc_disabled.png]
[localhost/wordpress/wp-content/cache/min/1/wordpress/wp-content/plugins/elementskit-lite/widgets/init/assets/css/widget-styles-2efe6734a86941cbf43661eb6b9d7b94.e]
[localhost/wordpress/wp-content/cache/min/1/wordpress/wp-content/plugins/elementskit-lite/widgets/init/assets/css/responsive-7386300133bc1bc21bcd1a7fb7cab01c.f.del]
[localhost/wordpress/wp-content/cache/min/1/wordpress/wp-content/plugins/lumise/woo/assets/css/frontend-7205f9c259d7b11fed17c1eb42fbfdfe.css]
[localhost/wordpress/wp-content/plugins/smart-slider-3/Public/SmartSlider3/Application/Frontend/Assets/dist/smartslider.min7b95.css]
[localhost/wordpress/wp-content/cache/min/1/wordpress/wp-content/uploads/elementor/css/post-131-fbc7ff776d01f33d77e1789259272d78.css]
[localhost/wordpress/wp-content/plugins/elementor/assets/lib/font-awesome/css/fontawesome.min52d5.css]
[localhost/wordpress/wp-content/plugins/elementor/assets/lib/font-awesome/css/brands.min52d5.css]
[localhost/wordpress/wp-json/wp/v2/pages/131.json]
[localhost/wordpress/wp-json/oembed/1.0/embed10e1.json]
[localhost/wordpress/wp-json/oembed/1.0/embed408f]
[localhost/wordpress/about-us/index.html]
[localhost/wordpress/wp-content/plugins/woocommerce/packages/woocommerce-blocks/build/wc-blocks-vendors-styled03b.css]
[localhost/wordpress/wp-content/plugins/woocommerce/packages/woocommerce-blocks/build/wc-blocks-styled03b.css]
[localhost/wordpress/wp-content/plugins/woocommerce/assets/css/select20969.css]
[localhost/wordpress/wp-content/plugins/woocommerce/assets/css/woocommerce-layout0969.css]
[localhost/wordpress/wp-content/plugins/woocommerce/assets/css/woocommerce0969.css]
[localhost/wordpress/wp-content/themes/popularfx/style7359.css]
[localhost/wordpress/wp-content/plugins/elementskit-lite/modules/elementskit-icon-pack/assets/css/ekiticons25b6.css]
[localhost/wordpress/wp-content/plugins/elementskit-lite/widgets/init/assets/css/widget-styles25b6.css]
[localhost/wordpress/wp-content/plugins/elementskit-lite/widgets/init/assets/css/responsive25b6.css]
[localhost/wordpress/wp-content/plugins/lumise/woo/assets/css/frontended19.css]
[localhost/wordpress/wp-includes/js/jquery/jquery-migrate.mind617.js]
[localhost/wordpress/wp-json/wp/v2/pages/8.json]
[localhost/wordpress/wp-includes/js/jquery/jquery.minaf6c.js]
[localhost/wordpress/wp-json/oembed/1.0/embeda58e.json]
[localhost/wordpress/wp-json/oembed/1.0/embedd536]
[localhost/wordpress/shop/index.html]
[localhost/wordpress/wp-content/plugins/woocommerce/assets/js/jquery-blockui/jquery.blockUI.mine1da.js]
[localhost/wordpress/wp-content/plugins/woocommerce/assets/js/frontend/add-to-cart.min0969.js]
[localhost/wordpress/wp-content/plugins/woocommerce/assets/js/js-cookie/js.cookie.min757c.js]
[localhost/wordpress/wp-content/plugins/woocommerce/assets/js/frontend/woocommerce.min0969.js]
[localhost/wordpress/wp-content/plugins/woocommerce/assets/js/frontend/country-select.min0969.js]
[localhost/wordpress/wp-content/plugins/woocommerce/assets/js/frontend/address-i18n.min0969.js]
[localhost/wordpress/wp-content/plugins/woocommerce/assets/js/frontend/cart.min0969.js]
[localhost/wordpress/wp-content/plugins/woocommerce/assets/js/frontend/cart-fragments.min0969.js]
[localhost/wordpress/wp-content/plugins/elementskit-lite/libs/framework/assets/js/frontend-script25b6.js]
[localhost/wordpress/wp-content/themes/popularfx/js/navigation7359.js]
[localhost/wordpress/wp-content/plugins/lumise/woo/assets/js/frontended19.js]
[localhost/wordpress/wp-content/cache/min/1/270e9529fe668ec2ace6a5574ba9fbe6.js]
[localhost/wordpress/wp-content/plugins/woocommerce/assets/js/selectWoo/selectWoo.full.min33f2.js]
[localhost/wordpress/wp-includes/js/wp-embed.min41a3.js]
[localhost/wordpress/cart/index.html]
[localhost/wordpress/checkout/index.html]
[localhost/wordpress/wp-json/wp/v2/pages/10.json]
[localhost/wordpress/wp-content/plugins/elementskit-lite/widgets/init/assets/js/widget-scripts25b6.js]
[localhost/wordpress/wp-json/oembed/1.0/embed6f99.json]
[localhost/wordpress/wp-json/oembed/1.0/embed63fa]
[localhost/wordpress/my-account/index.html]
[localhost/wordpress/wp-content/plugins/woocommerce/assets/css/photoswipe/photoswipe.min0969.css]
[localhost/wordpress/wp-content/plugins/woocommerce/assets/css/photoswipe/default-skin/default-skin.min0969.css]
[localhost/wordpress/my-account/lost-password/index.html]
[localhost/wordpress/product/cotton-t-shirt/feed/index.html]
[localhost/wordpress/wp-json/wp/v2/product/16.json]
[localhost/wordpress/wp-json/oembed/1.0/embedcf19.json]
[localhost/wordpress/wp-json/oembed/1.0/embedcc11]
[localhost/wordpress/wp-content/uploads/2021/08/photo_2021-08-19_11-33-30.jpg]
[localhost/wordpress/product/cotton-t-shirt/index.html]
[localhost/wordpress/product-category/cotton-t-shirt/index.html]
[localhost/wordpress/wp-content/plugins/lumise/core/assets/css/appa61a.css]
[localhost/wordpress/wp-content/plugins/lumise/core/assets/css/responsivea61a.css]
[localhost/wordpress/wp-content/uploads/lumise_data/user_data/customfab2.css]
[localhost/wordpress/wp-content/uploads/lumise_data/settings/lumise-media-12914.jpg]
[localhost/wordpress/wp-content/uploads/lumise_data/settings/lumise-media-12917.jpg]
[demo.lumise.com/assets/images/logo1b26.png]
[localhost/wordpress/design-editor/indexd41d.html]
[localhost/wordpress/wp-content/plugins/lumise/core/assets/images/text-sample-curved.png]
[localhost/wordpress/wp-content/plugins/lumise/core/assets/images/text-number.png]
[localhost/wordpress/wp-content/plugins/lumise/core/assets/images/text-sample-oblique.png]
[localhost/wordpress/wp-content/plugins/lumise/core/assets/images/text-sample-bridge-1.png]
[localhost/wordpress/wp-content/plugins/lumise/core/assets/images/text-sample-bridge-2.png]
[localhost/wordpress/wp-content/plugins/lumise/core/assets/images/text-sample-bridge-3.png]
[localhost/wordpress/wp-content/plugins/lumise/core/assets/images/text-sample-bridge-4.png]
[localhost/wordpress/wp-content/plugins/lumise/core/assets/images/text-sample-bridge-5.png]
[localhost/wordpress/wp-content/plugins/lumise/core/assets/images/text-sample-bridge-6.png]
[localhost/wordpress/wp-content/plugins/lumise/core/assets/images/text-sample-mask.png]
[localhost/wordpress/wp-content/plugins/lumise/core/assets/images/text-effect-normal.png]
[localhost/wordpress/wp-content/plugins/lumise/core/assets/images/text-effect-curved.png]
[localhost/wordpress/wp-content/cache/min/1/e7fd661ce52b7ac34bb90bd8e779251a.js]
[localhost/wordpress/wp-content/plugins/lumise/core/assets/images/text-effect-bridge.png]
[localhost/wordpress/wp-content/plugins/lumise/core/assets/images/text-effect-oblique.png]
[localhost/wordpress/design-editor/indexc2bc.html]
[localhost/wordpress/wp-json/wp/v2/product/184.json]
[localhost/wordpress/product/custom-cotton-t-shirts/feed/index.html]
[localhost/wordpress/wp-json/oembed/1.0/embed038e.json]
[localhost/wordpress/wp-json/oembed/1.0/embed8758]
[localhost/wordpress/wp-content/uploads/2021/08/photo_2021-08-19_11-33-38.jpg]
[localhost/wordpress/wp-content/plugins/lumise/core/assets/js/jquery.mina61a.js]
[localhost/wordpress/product-category/cotton/index.html]
[localhost/wordpress/wp-content/uploads/2021/08/photo_2021-08-19_11-33-38-600x800.jpg]
[localhost/wordpress/product/custom-cotton-t-shirts/index.html]
[localhost/wordpress/design-editor/index7266.html]
[localhost/wordpress/wp-content/plugins/lumise/core/assets/js/appa61a.js]
[localhost/wordpress/wp-content/plugins/lumise/core/assets/js/vendorsa61a.js]
[localhost/wordpress/wp-json/wp/v2/product/182.json]
[localhost/wordpress/product/custom-cotton-hoodies/feed/index.html]
[localhost/wordpress/wp-json/oembed/1.0/embedfc9d.json]
[localhost/wordpress/wp-json/oembed/1.0/embed516d]
[localhost/wordpress/wp-content/uploads/2021/08/photo_2021-08-19_11-32-56.jpg]
[localhost/wordpress/wp-content/uploads/2021/08/photo_2021-08-19_11-32-56-600x801.jpg]
[localhost/wordpress/product/custom-cotton-hoodies/index.html]
[localhost/wordpress/design-editor/indexd577.html]
[localhost/wordpress/wp-json/wp/v2/product/201.json]
[localhost/wordpress/product/custom-denim-jacket/feed/index.html]
[localhost/wordpress/wp-json/oembed/1.0/embedf0e2.json]
[localhost/wordpress/wp-json/oembed/1.0/embed79cd]
[localhost/wordpress/wp-content/uploads/2021/08/photo_2021-08-19_11-32-59.jpg]
[localhost/wordpress/product-category/uncategorized/index.html]
[localhost/wordpress/wp-content/uploads/2021/08/photo_2021-08-19_11-32-59-600x801.jpg]
[localhost/wordpress/product/custom-denim-jacket/index.html]
[localhost/wordpress/wp-json/wp/v2/product/196.json]
[localhost/wordpress/product/custom-full-sleeve-t-shirts/feed/index.html]
[localhost/wordpress/wp-json/oembed/1.0/embed3087.json]
[localhost/wordpress/wp-json/oembed/1.0/embed12fe]
[localhost/wordpress/wp-content/uploads/2021/08/photo_2021-08-19_11-33-28.jpg]
[localhost/wordpress/product/custom-full-sleeve-t-shirts/index.html]
[localhost/wordpress/design-editor/index0166.html]
[localhost/wordpress/wp-json/wp/v2/product/186.json]
[localhost/wordpress/product/custom-women-poly-t-shirts/feed/index.html]
[localhost/wordpress/wp-json/oembed/1.0/embed5529.json]
[localhost/wordpress/wp-content/uploads/2021/08/photo_2021-08-19_11-33-07.jpg]
[localhost/wordpress/wp-json/oembed/1.0/embed4f7c]
[localhost/wordpress/wp-content/uploads/2021/08/photo_2021-08-19_11-33-07-600x800.jpg]
[localhost/wordpress/product/custom-women-poly-t-shirts/index.html]
[localhost/wordpress/product-category/polyster/index.html]
[localhost/wordpress/design-editor/index2916.html]
[localhost/wordpress/wp-content/cache/min/1/1555817216ac8730fc8ce47043bf87fa.js]
[localhost/wordpress/wp-json/wp/v2/product/199.json]
[localhost/wordpress/product/custom-polo-t-shirts/feed/index.html]
[localhost/wordpress/wp-json/oembed/1.0/embedb070.json]
[localhost/wordpress/wp-json/oembed/1.0/embed8a52]
[localhost/wordpress/wp-content/uploads/2021/08/photo_2021-08-19_11-32-48.jpg]
[localhost/wordpress/wp-content/uploads/2021/08/photo_2021-08-19_11-32-48-600x800.jpg]
[localhost/wordpress/product/custom-polo-t-shirts/index.html]
[localhost/wordpress/wp-json/wp/v2/product/175.json]
[localhost/wordpress/product/custom-nylon-t-shirts/feed/index.html]
[localhost/wordpress/wp-json/oembed/1.0/embed8ee6.json]
[localhost/wordpress/wp-json/oembed/1.0/embed062b]
[localhost/wordpress/wp-content/uploads/2021/08/a465b2ea22cebf3a91748622c424bd55.jpg]
[localhost/wordpress/wp-content/uploads/2021/08/a465b2ea22cebf3a91748622c424bd55-600x798.jpg]
[localhost/wordpress/product/custom-nylon-t-shirts/index.html]
[localhost/wordpress/product-category/nylon/index.html]
[localhost/wordpress/design-editor/index7e08.html]
[localhost/wordpress/wp-json/wp/v2/product/190.json]
[localhost/wordpress/product/custom-women-hoodies/feed/index.html]
[localhost/wordpress/wp-json/oembed/1.0/embed6c25.json]
[localhost/wordpress/wp-json/oembed/1.0/embed63de]
[localhost/wordpress/wp-content/uploads/2021/08/photo_2021-08-19_11-33-03.jpg]
[localhost/wordpress/wp-content/uploads/2021/08/photo_2021-08-19_11-33-03-600x800.jpg]
[localhost/wordpress/product/custom-women-hoodies/index.html]
[localhost/wordpress/design-editor/indexc84a.html]
[localhost/wordpress/wp-json/wp/v2/product/174.json]
[localhost/wordpress/product/custom-polyester-t-shirts/feed/index.html]
[localhost/wordpress/wp-json/oembed/1.0/embed7949.json]
[localhost/wordpress/wp-json/oembed/1.0/embed6e38]
[localhost/wordpress/wp-content/uploads/2021/08/photo_2021-08-19_11-33-16.jpg]
[localhost/wordpress/wp-content/uploads/2021/08/photo_2021-08-19_11-33-16-600x800.jpg]
[localhost/wordpress/product/custom-polyester-t-shirts/index.html]
[localhost/wordpress/design-editor/index84b3.html]
[localhost/wordpress/wp-json/wp/v2/product/197.json]
[localhost/wordpress/product/custom-tank-tops/feed/index.html]
[localhost/wordpress/wp-json/oembed/1.0/embed5a83.json]
[localhost/wordpress/wp-json/oembed/1.0/embed319f]
[localhost/wordpress/wp-content/uploads/2021/08/photo_2021-08-19_11-32-43-1.jpg]
[localhost/wordpress/wp-content/uploads/2021/08/photo_2021-08-19_11-32-43-1-600x800.jpg]
[localhost/wordpress/product/custom-tank-tops/index.html]
[localhost/wordpress/design-editor/indexb2b9.html]
[localhost/wordpress/wp-json/wp/v2/product/198.json]
[localhost/wordpress/product/custom-v-neck-t-shirts/feed/index.html]
[localhost/wordpress/wp-json/oembed/1.0/embed78cf.json]
[localhost/wordpress/wp-json/oembed/1.0/embedc269]
[localhost/wordpress/product/custom-v-neck-t-shirts/index.html]
[localhost/wordpress/design-editor/index6df3.html]
[localhost/wordpress/wp-json/wp/v2/product/187.json]
[localhost/wordpress/product/custom-women-nylon-t-shirts/feed/index.html]
[localhost/wordpress/wp-json/oembed/1.0/embed4867.json]
[localhost/wordpress/wp-json/oembed/1.0/embedf8e2]
[localhost/wordpress/wp-content/uploads/2021/08/0746165442cd28ffe477e45f9d25c069.jpg]
[localhost/wordpress/wp-content/uploads/2021/08/0746165442cd28ffe477e45f9d25c069-600x799.jpg]
[localhost/wordpress/product/custom-women-nylon-t-shirts/index.html]
[localhost/wordpress/design-editor/index284f.html]
[localhost/wordpress/wp-content/plugins/elementor/assets/lib/animations/animations.min6b00.css]
[localhost/wordpress/wp-content/plugins/woocommerce/assets/fonts/star.svg]
[localhost/wordpress/wp-content/plugins/woocommerce/assets/fonts/WooCommerce.svg]
[localhost/wordpress/wp-content/plugins/woocommerce/assets/images/icons/loader.svg]
[localhost/wordpress/wp-content/plugins/woocommerce/assets/images/icons/credit-cards/visa.svg]
[localhost/wordpress/wp-content/plugins/woocommerce/assets/images/icons/credit-cards/mastercard.svg]
[localhost/wordpress/wp-content/plugins/woocommerce/assets/images/icons/credit-cards/laser.svg]
[localhost/wordpress/wp-content/plugins/woocommerce/assets/images/icons/credit-cards/diners.svg]
[localhost/wordpress/wp-content/plugins/woocommerce/assets/images/icons/credit-cards/maestro.svg]
[localhost/wordpress/wp-content/plugins/woocommerce/assets/images/icons/credit-cards/jcb.svg]
[localhost/wordpress/wp-content/plugins/woocommerce/assets/images/icons/credit-cards/amex.svg]
[localhost/wordpress/wp-content/plugins/woocommerce/assets/images/icons/credit-cards/discover.svg]
[localhost/wordpress/wp-content/plugins/elementor/assets/lib/eicons/fonts/eicons02d6.svg]
[localhost/wordpress/wp-content/plugins/elementskit-lite/widgets/init/assets/img/cross-out.svg]
[localhost/wordpress/wp-content/cache/min/1/wordpress/wp-content/uploads/elementor/css/post-131-fbc7ff776d01f33d77e1789259272d78.css]
[localhost/wordpress/wp-content/plugins/elementor/assets/lib/font-awesome/css/fontawesome.min52d5.css]
[localhost/wordpress/wp-content/plugins/elementor/assets/lib/font-awesome/webfonts/fa-brands-400.eot]
[localhost/wordpress/wp-content/plugins/elementor/assets/lib/font-awesome/webfonts/fa-brands-400.woff2]
[localhost/wordpress/wp-content/plugins/elementor/assets/lib/font-awesome/webfonts/fa-brands-400.woff]
[localhost/wordpress/wp-content/plugins/elementor/assets/lib/font-awesome/webfonts/fa-brands-400.ttf]
[localhost/wordpress/wp-content/plugins/elementor/assets/lib/font-awesome/css/brands.min52d5.css]
[localhost/wordpress/wp-content/plugins/elementor/assets/lib/font-awesome/webfonts/fa-brands-400d41d.eot]
[localhost/wordpress/indexd52d.html]
[localhost/wordpress/wp-content/plugins/woocommerce/packages/woocommerce-blocks/build/wc-blocks-vendors-styled03b.css]
[localhost/wordpress/wp-content/plugins/woocommerce/packages/woocommerce-blocks/build/wc-blocks-styled03b.css]
[localhost/wordpress/wp-content/plugins/woocommerce/assets/css/select20969.css]
[localhost/wordpress/wp-content/plugins/woocommerce/assets/css/woocommerce-layout0969.css]
[localhost/wordpress/wp-content/plugins/woocommerce/assets/css/woocommerce0969.css]
[localhost/wordpress/wp-content/themes/popularfx/style7359.css]
[localhost/wordpress/wp-content/plugins/elementskit-lite/modules/elementskit-icon-pack/assets/css/ekiticons25b6.css]
[localhost/wordpress/wp-content/plugins/elementskit-lite/widgets/init/assets/css/widget-styles25b6.css]
[localhost/wordpress/wp-content/plugins/elementskit-lite/widgets/init/assets/css/responsive25b6.css]
[localhost/wordpress/wp-content/plugins/lumise/woo/assets/css/frontended19.css]
[localhost/wordpress/index2df4.html]
[localhost/wordpress/shop/index.html]
[localhost/wordpress/index64b4.html]
[localhost/wordpress/shop/feed/index.html]
[localhost/wordpress/wp-includes/js/zxcvbn-async.min5152.js]
[localhost/wordpress/wp-includes/js/dist/vendor/regenerator-runtime.minb36a.js]
[localhost/wordpress/wp-includes/js/dist/hooks.mine16b.js]
[localhost/wordpress/wp-includes/js/dist/vendor/wp-polyfill.min2c7c.js]
[localhost/wordpress/wp-includes/js/dist/i18n.min71a7.js]
[localhost/wordpress/wp-admin/js/password-strength-meter.min41a3.js]
[localhost/wordpress/wp-content/plugins/woocommerce/assets/js/frontend/password-strength-meter.min0969.js]
[localhost/wordpress/wp-content/plugins/woocommerce/assets/js/frontend/lost-password.min0969.js]
[localhost/wordpress/my-account/lost-password/index.html]
[localhost/wordpress/index3b72.html]
[localhost/wordpress/wp-content/plugins/woocommerce/assets/css/photoswipe/default-skin/default-skin.png]
[localhost/wordpress/wp-content/plugins/woocommerce/assets/css/photoswipe/photoswipe.min0969.css]
[localhost/wordpress/wp-content/plugins/woocommerce/assets/css/photoswipe/default-skin/preloader.gif]
[localhost/wordpress/wp-content/plugins/woocommerce/assets/css/photoswipe/default-skin/default-skin.min0969.css]
[localhost/wordpress/index0e62.html]
[localhost/wordpress/wp-json/wp/v2/product_cat/16.json]
[localhost/wordpress/product-category/cotton-t-shirt/index.html]
[localhost/wordpress/wp-content/plugins/lumise/core/assets/css/icons/styles.css]
[localhost/wordpress/product-category/cotton-t-shirt/feed/index.html]
[localhost/wordpress/wp-content/plugins/lumise/core/assets/css/simpline.css]
[localhost/wordpress/wp-content/plugins/lumise/core/assets/images/loading.gif]
[localhost/wordpress/wp-content/plugins/lumise/core/assets/images/spinner.png]
[localhost/wordpress/wp-content/cache/min/1/934f1c3bea6d03602bd9af8f91e79a5a.js]
[localhost/wordpress/wp-content/plugins/lumise/core/assets/images/spinner-white.png]
[localhost/wordpress/wp-content/plugins/lumise/core/assets/images/loading_gray.gif]
[localhost/wordpress/wp-content/plugins/lumise/core/assets/images/fx_thumbns.jpg]
[localhost/wordpress/wp-content/plugins/lumise/core/assets/images/marqueeHoriz.gif]
[localhost/wordpress/wp-content/plugins/lumise/core/assets/images/marqueeVert.gif]
[localhost/wordpress/wp-content/plugins/lumise/core/assets/images/grid.png]
[localhost/wordpress/wp-content/plugins/lumise/core/assets/images/arrow.gif]
[localhost/wordpress/wp-content/plugins/lumise/core/assets/images/opa.gif]
[localhost/wordpress/wp-content/plugins/lumise/core/assets/images/cross.gif]
[localhost/wordpress/wp-content/plugins/lumise/core/assets/images/hs.png]
[localhost/wordpress/wp-content/plugins/lumise/core/assets/css/appa61a.css]
[localhost/wordpress/wp-content/plugins/lumise/core/assets/css/responsivea61a.css]
[localhost/wordpress/wp-content/uploads/lumise_data/user_data/customfab2.css]
[localhost/wordpress/wp-content/cache/min/1/wordpress/wp-content/plugins/lumise/core/assets/css/app-57e9e2b92fe553a2fe61be275de034d7.css]
[localhost/wordpress/wp-content/cache/min/1/wordpress/wp-content/uploads/lumise_data/user_data/custom-66196ee74805c989ce2183f3a9be71d3.css]
[localhost/wordpress/design-editor/indexd41d.html]
[localhost/wordpress/wp-content/plugins/lumise/core/assets/images/cart.svg]
[localhost/wordpress/index48fd.html]
[localhost/wordpress/wp-json/wp/v2/product_cat/21.json]
[localhost/wordpress/product-category/cotton/index.html]
[localhost/wordpress/index7b17.html]
[localhost/wordpress/index5721.html]
[localhost/wordpress/product-category/cotton/feed/index.html]
[localhost/wordpress/product-category/uncategorized/index.html]
[localhost/wordpress/indexf45e.html]
[localhost/wordpress/index146c.html]
[localhost/wordpress/wp-json/wp/v2/product_cat/22.json]
[localhost/wordpress/product-category/polyster/index.html]
[localhost/wordpress/product-category/polyster/feed/index.html]
[localhost/wordpress/index5051.html]
[localhost/wordpress/indexa09e.html]
[localhost/wordpress/wp-json/wp/v2/product_cat/20.json]
[localhost/wordpress/product-category/nylon/index.html]
[localhost/wordpress/product-category/nylon/feed/index.html]
[localhost/wordpress/index261b.html]
[localhost/wordpress/index0325.html]
[localhost/wordpress/index85b3.html]
[localhost/wordpress/indexd1c3.html]
[localhost/wordpress/indexc885.html]
[localhost/wordpress/wp-content/plugins/elementor/assets/lib/font-awesome/webfonts/fa-brands-400.svg]
[localhost/wordpress/wp-content/plugins/woocommerce/assets/css/photoswipe/default-skin/default-skin.svg]
[localhost/wordpress/wp-content/plugins/lumise/core/assets/css/icons/fonts/lumise.eot]
[localhost/wordpress/wp-content/plugins/lumise/core/assets/css/icons/fonts/lumised41d.eot]
[localhost/wordpress/wp-content/plugins/lumise/core/assets/css/icons/fonts/lumise.woff]
[localhost/wordpress/wp-content/plugins/lumise/core/assets/css/icons/fonts/lumise.ttf]
[localhost/wordpress/wp-content/plugins/lumise/core/assets/css/icons/styles.css]
[localhost/wordpress/wp-content/plugins/lumise/core/assets/css/icons/Simple-Line-Icons.woff]
[localhost/wordpress/wp-content/plugins/lumise/core/assets/css/simpline.css]
[localhost/wordpress/wp-content/plugins/lumise/core/assets/images/i.svg]
[localhost/wordpress/wp-content/plugins/lumise/core/assets/images/dropdown-arrows.svg]
[localhost/wordpress/wp-content/cache/min/1/wordpress/wp-content/plugins/lumise/core/assets/css/app-57e9e2b92fe553a2fe61be275de034d7.css]
[localhost/wordpress/wp-content/cache/min/1/wordpress/wp-content/uploads/lumise_data/user_data/custom-66196ee74805c989ce2183f3a9be71d3.css]
[localhost/wordpress/wp-content/cache/min/1/6a7f9397daf44e60a1e1d976e720f700.js]
[localhost/wordpress/wp-content/cache/min/1/08ecc38fae4049bb3cfbb4f70b69fe51.js]
[localhost/wordpress/wp-content/plugins/lumise/core/assets/css/icons/fonts/lumise.svg]
